2025-06-30 10:31:26 [INFO]: Server started on port 5000
2025-06-30 10:31:26 [INFO]: Environment: development
2025-06-30 10:31:26 [INFO]: MySQL connection established (ID: 31)
2025-06-30 10:31:26 [DEBUG]: Connection acquired (ID: 31)
2025-06-30 10:31:26 [INFO]: Database connection check: OK
2025-06-30 10:31:26 [DEBUG]: Connection released (ID: 31)
2025-06-30 10:32:36 [INFO]: Starting graceful shutdown...
2025-06-30 11:26:35 [INFO]: Server started on port 5000
2025-06-30 11:26:35 [INFO]: Environment: development
2025-06-30 11:26:35 [INFO]: MySQL connection established (ID: 32)
2025-06-30 11:26:35 [DEBUG]: Connection acquired (ID: 32)
2025-06-30 11:26:35 [INFO]: Database connection check: OK
2025-06-30 11:26:35 [DEBUG]: Connection released (ID: 32)
2025-06-30 16:11:32 [INFO]: Server started on port 5000
2025-06-30 16:11:32 [INFO]: Environment: development
2025-06-30 16:11:33 [INFO]: MySQL connection established (ID: 42)
2025-06-30 16:11:33 [DEBUG]: Connection acquired (ID: 42)
2025-06-30 16:11:33 [INFO]: Database connection check: OK
2025-06-30 16:11:33 [DEBUG]: Connection released (ID: 42)
2025-06-30 16:15:17 [INFO]: Starting graceful shutdown...
2025-06-30 16:15:26 [INFO]: Server started on port 5000
2025-06-30 16:15:26 [INFO]: Environment: development
2025-06-30 16:15:26 [INFO]: MySQL connection established (ID: 43)
2025-06-30 16:15:26 [DEBUG]: Connection acquired (ID: 43)
2025-06-30 16:15:26 [INFO]: Database connection check: OK
2025-06-30 16:15:26 [DEBUG]: Connection released (ID: 43)
2025-06-30 16:23:39 [INFO]: Server started on port 5000
2025-06-30 16:23:39 [INFO]: Environment: development
2025-06-30 16:23:39 [INFO]: MySQL connection established (ID: 44)
2025-06-30 16:23:39 [DEBUG]: Connection acquired (ID: 44)
2025-06-30 16:23:39 [INFO]: Database connection check: OK
2025-06-30 16:23:39 [DEBUG]: Connection released (ID: 44)
2025-06-30 16:23:56 [INFO]: Server started on port 5000
2025-06-30 16:23:56 [INFO]: Environment: development
2025-06-30 16:23:56 [INFO]: MySQL connection established (ID: 45)
2025-06-30 16:23:56 [DEBUG]: Connection acquired (ID: 45)
2025-06-30 16:23:56 [INFO]: Database connection check: OK
2025-06-30 16:23:56 [DEBUG]: Connection released (ID: 45)
2025-06-30 16:25:23 [INFO]: Server started on port 5000
2025-06-30 16:25:23 [INFO]: Environment: development
2025-06-30 16:25:23 [INFO]: MySQL connection established (ID: 46)
2025-06-30 16:25:23 [DEBUG]: Connection acquired (ID: 46)
2025-06-30 16:25:23 [INFO]: Database connection check: OK
2025-06-30 16:25:23 [DEBUG]: Connection released (ID: 46)
2025-06-30 16:33:06 [INFO]: Server started on port 5000
2025-06-30 16:33:06 [INFO]: Environment: development
2025-06-30 16:33:06 [INFO]: MySQL connection established (ID: 8)
2025-06-30 16:33:06 [DEBUG]: Connection acquired (ID: 8)
2025-06-30 16:33:06 [INFO]: Database connection check: OK
2025-06-30 16:33:06 [DEBUG]: Connection released (ID: 8)
2025-06-30 16:35:43 [INFO]: Server started on port 5000
2025-06-30 16:35:43 [INFO]: Environment: development
2025-06-30 16:35:43 [INFO]: MySQL connection established (ID: 9)
2025-06-30 16:35:43 [DEBUG]: Connection acquired (ID: 9)
2025-06-30 16:35:43 [INFO]: Database connection check: OK
2025-06-30 16:35:43 [DEBUG]: Connection released (ID: 9)
2025-06-30 16:35:47 [DEBUG]: Connection acquired (ID: 9)
2025-06-30 16:36:34 [INFO]: Starting graceful shutdown...
2025-06-30 16:36:35 [INFO]: Server started on port 5000
2025-06-30 16:36:35 [INFO]: Environment: development
2025-06-30 16:36:36 [INFO]: MySQL connection established (ID: 10)
2025-06-30 16:36:36 [DEBUG]: Connection acquired (ID: 10)
2025-06-30 16:36:36 [INFO]: Database connection check: OK
2025-06-30 16:36:36 [DEBUG]: Connection released (ID: 10)
2025-06-30 16:36:41 [DEBUG]: Connection acquired (ID: 10)
2025-06-30 16:36:41 [DEBUG]: Connection released (ID: 10)
2025-06-30 16:41:41 [INFO]: Server started on port 5000
2025-06-30 16:41:41 [INFO]: Environment: development
2025-06-30 16:41:41 [INFO]: MySQL connection established (ID: 14)
2025-06-30 16:41:41 [DEBUG]: Connection acquired (ID: 14)
2025-06-30 16:41:41 [INFO]: Database connection check: OK
2025-06-30 16:41:41 [DEBUG]: Connection released (ID: 14)
2025-06-30 16:47:26 [INFO]: Server started on port 5000
2025-06-30 16:47:26 [INFO]: Environment: development
2025-06-30 16:47:26 [INFO]: MySQL connection established (ID: 15)
2025-06-30 16:47:26 [DEBUG]: Connection acquired (ID: 15)
2025-06-30 16:47:26 [INFO]: Database connection check: OK
2025-06-30 16:47:26 [DEBUG]: Connection released (ID: 15)
2025-06-30 16:47:29 [DEBUG]: Connection acquired (ID: 15)
2025-06-30 16:47:29 [DEBUG]: Connection released (ID: 15)
2025-06-30 16:47:29 [DEBUG]: Connection acquired (ID: 15)
2025-06-30 16:47:29 [INFO]: MySQL connection established (ID: 16)
2025-06-30 16:47:29 [DEBUG]: Connection acquired (ID: 16)
2025-06-30 16:47:29 [INFO]: MySQL connection established (ID: 17)
2025-06-30 16:47:29 [DEBUG]: Connection acquired (ID: 17)
2025-06-30 16:47:29 [INFO]: MySQL connection established (ID: 19)
2025-06-30 16:47:29 [DEBUG]: Connection acquired (ID: 19)
2025-06-30 16:47:29 [INFO]: MySQL connection established (ID: 18)
2025-06-30 16:47:29 [DEBUG]: Connection acquired (ID: 18)
2025-06-30 16:47:29 [INFO]: MySQL connection established (ID: 23)
2025-06-30 16:47:29 [DEBUG]: Connection acquired (ID: 23)
2025-06-30 16:47:29 [INFO]: MySQL connection established (ID: 21)
2025-06-30 16:47:29 [DEBUG]: Connection acquired (ID: 21)
2025-06-30 16:47:29 [INFO]: MySQL connection established (ID: 22)
2025-06-30 16:47:29 [DEBUG]: Connection acquired (ID: 22)
2025-06-30 16:47:29 [INFO]: MySQL connection established (ID: 30)
2025-06-30 16:47:29 [DEBUG]: Connection acquired (ID: 30)
2025-06-30 16:47:29 [INFO]: MySQL connection established (ID: 34)
2025-06-30 16:47:29 [DEBUG]: Connection acquired (ID: 34)
2025-06-30 16:47:29 [INFO]: MySQL connection established (ID: 20)
2025-06-30 16:47:29 [DEBUG]: Connection acquired (ID: 20)
2025-06-30 16:47:29 [INFO]: MySQL connection established (ID: 24)
2025-06-30 16:47:29 [DEBUG]: Connection acquired (ID: 24)
2025-06-30 16:47:29 [INFO]: MySQL connection established (ID: 27)
2025-06-30 16:47:29 [DEBUG]: Connection acquired (ID: 27)
2025-06-30 16:47:29 [INFO]: MySQL connection established (ID: 26)
2025-06-30 16:47:29 [DEBUG]: Connection acquired (ID: 26)
2025-06-30 16:47:29 [INFO]: MySQL connection established (ID: 25)
2025-06-30 16:47:29 [DEBUG]: Connection acquired (ID: 25)
2025-06-30 16:47:29 [INFO]: MySQL connection established (ID: 28)
2025-06-30 16:47:29 [DEBUG]: Connection acquired (ID: 28)
2025-06-30 16:47:29 [INFO]: MySQL connection established (ID: 29)
2025-06-30 16:47:29 [DEBUG]: Connection acquired (ID: 29)
2025-06-30 16:47:29 [INFO]: MySQL connection established (ID: 31)
2025-06-30 16:47:29 [DEBUG]: Connection acquired (ID: 31)
2025-06-30 16:47:29 [INFO]: MySQL connection established (ID: 32)
2025-06-30 16:47:29 [DEBUG]: Connection acquired (ID: 32)
2025-06-30 16:47:29 [INFO]: MySQL connection established (ID: 33)
2025-06-30 16:47:29 [DEBUG]: Connection acquired (ID: 33)
2025-06-30 16:47:29 [DEBUG]: Connection released (ID: 30)
2025-06-30 16:47:29 [DEBUG]: Connection released (ID: 15)
2025-06-30 16:47:29 [DEBUG]: Connection released (ID: 16)
2025-06-30 16:47:29 [DEBUG]: Connection released (ID: 18)
2025-06-30 16:47:29 [DEBUG]: Connection released (ID: 21)
2025-06-30 16:47:29 [DEBUG]: Connection released (ID: 17)
2025-06-30 16:47:29 [DEBUG]: Connection released (ID: 19)
2025-06-30 16:47:29 [DEBUG]: Connection released (ID: 22)
2025-06-30 16:47:29 [DEBUG]: Connection released (ID: 34)
2025-06-30 16:47:29 [DEBUG]: Connection released (ID: 23)
2025-06-30 16:47:29 [DEBUG]: Connection released (ID: 29)
2025-06-30 16:47:29 [DEBUG]: Connection released (ID: 31)
2025-06-30 16:47:29 [DEBUG]: Connection released (ID: 33)
2025-06-30 16:47:29 [DEBUG]: Connection released (ID: 26)
2025-06-30 16:47:29 [DEBUG]: Connection released (ID: 32)
2025-06-30 16:47:29 [DEBUG]: Connection released (ID: 28)
2025-06-30 16:47:29 [DEBUG]: Connection released (ID: 27)
2025-06-30 16:47:29 [DEBUG]: Connection released (ID: 20)
2025-06-30 16:47:29 [DEBUG]: Connection released (ID: 25)
2025-06-30 16:47:29 [DEBUG]: Connection released (ID: 24)
2025-06-30 16:47:43 [DEBUG]: Connection acquired (ID: 24)
2025-06-30 16:47:43 [DEBUG]: Connection released (ID: 24)
2025-06-30 16:47:43 [DEBUG]: Connection acquired (ID: 24)
2025-06-30 16:47:43 [DEBUG]: Connection acquired (ID: 25)
2025-06-30 16:47:43 [DEBUG]: Connection acquired (ID: 20)
2025-06-30 16:47:43 [DEBUG]: Connection acquired (ID: 27)
2025-06-30 16:47:43 [DEBUG]: Connection acquired (ID: 28)
2025-06-30 16:47:43 [DEBUG]: Connection acquired (ID: 32)
2025-06-30 16:47:43 [DEBUG]: Connection acquired (ID: 26)
2025-06-30 16:47:43 [DEBUG]: Connection acquired (ID: 33)
2025-06-30 16:47:43 [DEBUG]: Connection acquired (ID: 31)
2025-06-30 16:47:43 [DEBUG]: Connection acquired (ID: 29)
2025-06-30 16:47:43 [DEBUG]: Connection acquired (ID: 23)
2025-06-30 16:47:43 [DEBUG]: Connection acquired (ID: 34)
2025-06-30 16:47:43 [DEBUG]: Connection acquired (ID: 22)
2025-06-30 16:47:43 [DEBUG]: Connection acquired (ID: 19)
2025-06-30 16:47:43 [DEBUG]: Connection acquired (ID: 17)
2025-06-30 16:47:43 [DEBUG]: Connection acquired (ID: 21)
2025-06-30 16:47:43 [DEBUG]: Connection acquired (ID: 18)
2025-06-30 16:47:43 [DEBUG]: Connection acquired (ID: 16)
2025-06-30 16:47:43 [DEBUG]: Connection acquired (ID: 15)
2025-06-30 16:47:43 [DEBUG]: Connection acquired (ID: 30)
2025-06-30 16:47:43 [DEBUG]: Connection released (ID: 17)
2025-06-30 16:47:43 [DEBUG]: Connection released (ID: 23)
2025-06-30 16:47:43 [DEBUG]: Connection released (ID: 15)
2025-06-30 16:47:43 [DEBUG]: Connection released (ID: 21)
2025-06-30 16:47:43 [DEBUG]: Connection released (ID: 25)
2025-06-30 16:47:43 [DEBUG]: Connection acquired (ID: 25)
2025-06-30 16:47:43 [DEBUG]: Connection released (ID: 30)
2025-06-30 16:47:43 [DEBUG]: Connection acquired (ID: 30)
2025-06-30 16:47:43 [DEBUG]: Connection acquired (ID: 21)
2025-06-30 16:47:43 [DEBUG]: Connection released (ID: 27)
2025-06-30 16:47:43 [DEBUG]: Connection acquired (ID: 27)
2025-06-30 16:47:43 [DEBUG]: Connection released (ID: 16)
2025-06-30 16:47:43 [DEBUG]: Connection released (ID: 28)
2025-06-30 16:47:43 [DEBUG]: Connection released (ID: 24)
2025-06-30 16:47:43 [DEBUG]: Connection acquired (ID: 24)
2025-06-30 16:47:43 [DEBUG]: Connection released (ID: 20)
2025-06-30 16:47:43 [DEBUG]: Connection released (ID: 32)
2025-06-30 16:47:43 [DEBUG]: Connection acquired (ID: 32)
2025-06-30 16:47:43 [DEBUG]: Connection released (ID: 26)
2025-06-30 16:47:43 [DEBUG]: Connection acquired (ID: 26)
2025-06-30 16:47:43 [DEBUG]: Connection released (ID: 18)
2025-06-30 16:47:43 [DEBUG]: Connection released (ID: 33)
2025-06-30 16:47:43 [DEBUG]: Connection released (ID: 31)
2025-06-30 16:47:43 [DEBUG]: Connection released (ID: 29)
2025-06-30 16:47:43 [DEBUG]: Connection released (ID: 34)
2025-06-30 16:47:43 [DEBUG]: Connection released (ID: 22)
2025-06-30 16:47:43 [DEBUG]: Connection acquired (ID: 22)
2025-06-30 16:47:43 [DEBUG]: Connection released (ID: 19)
2025-06-30 16:47:43 [DEBUG]: Connection acquired (ID: 19)
2025-06-30 16:47:43 [DEBUG]: Connection released (ID: 25)
2025-06-30 16:47:43 [DEBUG]: Connection acquired (ID: 25)
2025-06-30 16:47:43 [DEBUG]: Connection released (ID: 21)
2025-06-30 16:47:43 [DEBUG]: Connection released (ID: 30)
2025-06-30 16:47:43 [DEBUG]: Connection released (ID: 27)
2025-06-30 16:47:43 [DEBUG]: Connection acquired (ID: 27)
2025-06-30 16:47:43 [DEBUG]: Connection released (ID: 24)
2025-06-30 16:47:43 [DEBUG]: Connection acquired (ID: 24)
2025-06-30 16:47:43 [DEBUG]: Connection released (ID: 32)
2025-06-30 16:47:43 [DEBUG]: Connection released (ID: 26)
2025-06-30 16:47:43 [DEBUG]: Connection released (ID: 22)
2025-06-30 16:47:43 [DEBUG]: Connection released (ID: 19)
2025-06-30 16:47:43 [DEBUG]: Connection acquired (ID: 19)
2025-06-30 16:47:43 [DEBUG]: Connection released (ID: 25)
2025-06-30 16:47:43 [DEBUG]: Connection acquired (ID: 25)
2025-06-30 16:47:43 [DEBUG]: Connection released (ID: 27)
2025-06-30 16:47:43 [DEBUG]: Connection released (ID: 24)
2025-06-30 16:47:43 [DEBUG]: Connection released (ID: 19)
2025-06-30 16:47:43 [DEBUG]: Connection acquired (ID: 19)
2025-06-30 16:47:43 [DEBUG]: Connection acquired (ID: 24)
2025-06-30 16:47:43 [DEBUG]: Connection released (ID: 25)
2025-06-30 16:47:43 [DEBUG]: Connection acquired (ID: 25)
2025-06-30 16:47:43 [DEBUG]: Connection acquired (ID: 27)
2025-06-30 16:47:43 [DEBUG]: Connection released (ID: 19)
2025-06-30 16:47:43 [DEBUG]: Connection acquired (ID: 19)
2025-06-30 16:47:43 [DEBUG]: Connection acquired (ID: 22)
2025-06-30 16:47:43 [DEBUG]: Connection acquired (ID: 26)
2025-06-30 16:47:43 [DEBUG]: Connection acquired (ID: 32)
2025-06-30 16:47:43 [DEBUG]: Connection acquired (ID: 30)
2025-06-30 16:47:43 [DEBUG]: Connection released (ID: 24)
2025-06-30 16:47:43 [DEBUG]: Connection acquired (ID: 24)
2025-06-30 16:47:43 [DEBUG]: Connection acquired (ID: 21)
2025-06-30 16:47:43 [DEBUG]: Connection acquired (ID: 34)
2025-06-30 16:47:43 [DEBUG]: Connection released (ID: 19)
2025-06-30 16:47:43 [DEBUG]: Connection acquired (ID: 19)
2025-06-30 16:47:43 [DEBUG]: Connection acquired (ID: 29)
2025-06-30 16:47:43 [DEBUG]: Connection acquired (ID: 31)
2025-06-30 16:47:43 [DEBUG]: Connection acquired (ID: 33)
2025-06-30 16:47:43 [DEBUG]: Connection acquired (ID: 18)
2025-06-30 16:47:43 [DEBUG]: Connection released (ID: 19)
2025-06-30 16:47:43 [DEBUG]: Connection released (ID: 25)
2025-06-30 16:47:43 [DEBUG]: Connection released (ID: 27)
2025-06-30 16:47:43 [DEBUG]: Connection released (ID: 22)
2025-06-30 16:47:43 [DEBUG]: Connection acquired (ID: 22)
2025-06-30 16:47:43 [DEBUG]: Connection acquired (ID: 27)
2025-06-30 16:47:43 [DEBUG]: Connection acquired (ID: 25)
2025-06-30 16:47:43 [DEBUG]: Connection acquired (ID: 19)
2025-06-30 16:47:43 [DEBUG]: Connection acquired (ID: 20)
2025-06-30 16:47:43 [DEBUG]: Connection acquired (ID: 28)
2025-06-30 16:47:43 [DEBUG]: Connection acquired (ID: 16)
2025-06-30 16:47:43 [DEBUG]: Connection acquired (ID: 15)
2025-06-30 16:47:43 [DEBUG]: Connection acquired (ID: 23)
2025-06-30 16:47:43 [DEBUG]: Connection released (ID: 32)
2025-06-30 16:47:43 [DEBUG]: Connection acquired (ID: 32)
2025-06-30 16:47:43 [DEBUG]: Connection acquired (ID: 17)
2025-06-30 16:47:43 [DEBUG]: Connection released (ID: 21)
2025-06-30 16:47:43 [DEBUG]: Connection released (ID: 24)
2025-06-30 16:47:43 [DEBUG]: Connection acquired (ID: 24)
2025-06-30 16:47:43 [DEBUG]: Connection acquired (ID: 21)
2025-06-30 16:47:43 [DEBUG]: Connection released (ID: 18)
2025-06-30 16:47:43 [DEBUG]: Connection released (ID: 22)
2025-06-30 16:47:43 [DEBUG]: Connection released (ID: 25)
2025-06-30 16:47:43 [DEBUG]: Connection released (ID: 27)
2025-06-30 16:47:43 [DEBUG]: Connection released (ID: 19)
2025-06-30 16:47:43 [DEBUG]: Connection released (ID: 20)
2025-06-30 16:47:43 [DEBUG]: Connection released (ID: 28)
2025-06-30 16:47:43 [DEBUG]: Connection released (ID: 16)
2025-06-30 16:47:43 [DEBUG]: Connection released (ID: 15)
2025-06-30 16:47:43 [DEBUG]: Connection released (ID: 23)
2025-06-30 16:47:43 [DEBUG]: Connection released (ID: 17)
2025-06-30 16:47:43 [DEBUG]: Connection released (ID: 32)
2025-06-30 16:47:43 [DEBUG]: Connection released (ID: 30)
2025-06-30 16:47:43 [DEBUG]: Connection released (ID: 26)
2025-06-30 16:47:43 [DEBUG]: Connection released (ID: 24)
2025-06-30 16:47:43 [DEBUG]: Connection released (ID: 21)
2025-06-30 16:47:43 [DEBUG]: Connection released (ID: 34)
2025-06-30 16:47:43 [DEBUG]: Connection released (ID: 29)
2025-06-30 16:47:43 [DEBUG]: Connection released (ID: 31)
2025-06-30 16:47:43 [DEBUG]: Connection released (ID: 33)
